
==================================== ERRORS ====================================
_____________________ ERROR collecting tests/test_forms.py _____________________
ImportError while importing test module '/home/runner/work/va-name-change/va-name-change/tests/test_forms.py'.
Hint: make sure your test modules/packages have valid Python names.
Traceback:
/opt/hostedtoolcache/Python/3.9.25/x64/lib/python3.9/importlib/__init__.py:127: in import_module
    return _bootstrap._gcd_import(name[level:], package, level)
tests/test_forms.py:6: in <module>
    from va_name_change.agents.forms import generate_all_forms
va_name_change/agents/forms.py:13: in <module>
    import PyPDF2
E   ModuleNotFoundError: No module named 'PyPDF2'
=========================== short test summary info ============================
ERROR tests/test_forms.py
!!!!!!!!!!!!!!!!!!!!!!!!!! stopping after 1 failures !!!!!!!!!!!!!!!!!!!!!!!!!!!
1 error in 0.06s
